Test medical report content
